#-----------------------------------------------------------
# Webtalk v2018.1 (64-bit)
# SW Build 2188600 on Wed Apr  4 18:40:38 MDT 2018
# IP Build 2185939 on Wed Apr  4 20:55:05 MDT 2018
# Start of session at: Fri May 25 12:45:27 2018
# Process ID: 6184
# Current directory: c:/Users/basile.berckmoes/Documents/GitHub/EmbeddedProcessing/Labo6/VGAlab2/MicroBlaze_lab1
# Command line: wbtcv.exe -mode batch -source C:/Users/basile.berckmoes/Documents/GitHub/EmbeddedProcessing/Labo6/VGAlab2/MicroBlaze_lab1/MicroBlaze_lab1.hw/webtalk/labtool_webtalk.tcl -notrace
# Log file: c:/Users/basile.berckmoes/Documents/GitHub/EmbeddedProcessing/Labo6/VGAlab2/MicroBlaze_lab1/webtalk.log
# Journal file: c:/Users/basile.berckmoes/Documents/GitHub/EmbeddedProcessing/Labo6/VGAlab2/MicroBlaze_lab1\webtalk.jou
#-----------------------------------------------------------
source C:/Users/basile.berckmoes/Documents/GitHub/EmbeddedProcessing/Labo6/VGAlab2/MicroBlaze_lab1/MicroBlaze_lab1.hw/webtalk/labtool_webtalk.tcl -notrace
