Copyright 1986-2014 Xilinx, Inc. All Rights Reserved.
-------------------------------------------------------------------------------------------
| Tool Version : Vivado v.2014.2 (win64) Build 932637 Wed Jun 11 13:33:10 MDT 2014
| Date         : Tue Mar 20 15:58:30 2018
| Host         : PCGENT12297 running 64-bit Service Pack 1  (build 7601)
| Command      : report_control_sets -verbose -file System_wrapper_control_sets_placed.rpt
| Design       : System_wrapper
| Device       : xc7a100t
-------------------------------------------------------------------------------------------

Control Set Information

Table of Contents
-----------------
1. Summary
2. Flip-Flop Distribution
3. Detailed Control Set Information

1. Summary
----------

+-------------------------------------------------------------------+-------+
|                               Status                              | Count |
+-------------------------------------------------------------------+-------+
| Number of unique control sets                                     |    67 |
| Minimum Number of register sites lost to control set restrictions |   207 |
+-------------------------------------------------------------------+-------+


2. Flip-Flop Distribution
-------------------------

+--------------+-----------------------+------------------------+-----------------+--------------+
| Clock Enable | Synchronous Set/Reset | Asynchronous Set/Reset | Total Registers | Total Slices |
+--------------+-----------------------+------------------------+-----------------+--------------+
| No           | No                    | No                     |             335 |          122 |
| No           | No                    | Yes                    |              37 |            7 |
| No           | Yes                   | No                     |             278 |          122 |
| Yes          | No                    | No                     |             177 |           52 |
| Yes          | No                    | Yes                    |              14 |            7 |
| Yes          | Yes                   | No                     |             520 |          172 |
+--------------+-----------------------+------------------------+-----------------+--------------+


3. Detailed Control Set Information
-----------------------------------

+------------------------------------+------------------------------------------------------------------------------------------------------------------------------------------------------------------------------------------+----------------------------------------------------------------------------------------------------------------------------+------------------+----------------+
|            Clock Signal            |                                                                                       Enable Signal                                                                                      |                                                      Set/Reset Signal                                                      | Slice Load Count | Bel Load Count |
+------------------------------------+------------------------------------------------------------------------------------------------------------------------------------------------------------------------------------------+----------------------------------------------------------------------------------------------------------------------------+------------------+----------------+
|  System_i/clk_wiz_1/U0/clk_out1    |                                                                                                                                                                                          | System_i/mdm_1/U0/Ext_JTAG_UPDATE                                                                                          |                1 |              1 |
|  System_i/mdm_1/U0/Ext_JTAG_UPDATE | System_i/microblaze_0/U0/MicroBlaze_Core_I/Performance.Use_Debug_Logic.Master_Core.Debug_Perf/Control_Reg_En                                                                             | System_i/microblaze_0/U0/MicroBlaze_Core_I/Performance.Use_Debug_Logic.Master_Core.Debug_Perf/n_0_continue_from_brk_reg    |                1 |              1 |
| ~System_i/mdm_1/U0/Ext_JTAG_DRCK   | System_i/mdm_1/U0/MDM_Core_I1/JTAG_CONTROL_I/CE                                                                                                                                          | System_i/mdm_1/U0/MDM_Core_I1/JTAG_CONTROL_I/D                                                                             |                1 |              1 |
|  System_i/mdm_1/U0/Ext_JTAG_UPDATE | System_i/microblaze_0/U0/MicroBlaze_Core_I/Performance.Use_Debug_Logic.Master_Core.Debug_Perf/Control_Reg_En                                                                             | System_i/microblaze_0/U0/MicroBlaze_Core_I/Performance.Use_Debug_Logic.Master_Core.Debug_Perf/O2                           |                1 |              1 |
|  System_i/mdm_1/U0/Ext_JTAG_UPDATE | System_i/microblaze_0/U0/MicroBlaze_Core_I/Performance.Use_Debug_Logic.Master_Core.Debug_Perf/Control_Reg_En                                                                             | System_i/microblaze_0/U0/MicroBlaze_Core_I/Performance.Use_Debug_Logic.Master_Core.Debug_Perf/n_0_normal_stop_cmd_i_reg    |                1 |              1 |
|  System_i/mdm_1/U0/Ext_JTAG_UPDATE | System_i/microblaze_0/U0/MicroBlaze_Core_I/Performance.Use_Debug_Logic.Master_Core.Debug_Perf/Control_Reg_En                                                                             | System_i/microblaze_0/U0/MicroBlaze_Core_I/Performance.Use_Debug_Logic.Master_Core.Debug_Perf/n_0_start_single_step_reg    |                1 |              1 |
| ~System_i/mdm_1/U0/Ext_JTAG_UPDATE |                                                                                                                                                                                          | System_i/mdm_1/U0/MDM_Core_I1/JTAG_CONTROL_I/n_0_Insert_Delays[0].LUT_Delay_i_1                                            |                1 |              1 |
|  System_i/mdm_1/U0/Ext_JTAG_UPDATE | System_i/microblaze_0/U0/MicroBlaze_Core_I/Performance.Use_Debug_Logic.Master_Core.Debug_Perf/Command_Reg_En                                                                             | System_i/microblaze_0/U0/MicroBlaze_Core_I/Performance.Use_Debug_Logic.Master_Core.Debug_Perf/command_reg_clear            |                1 |              2 |
|  System_i/clk_wiz_1/U0/clk_out1    | System_i/microblaze_0/U0/MicroBlaze_Core_I/Performance.Decode_I/n_0_wb_exception_kind_i[27]_i_2                                                                                          | System_i/microblaze_0/U0/MicroBlaze_Core_I/Performance.Decode_I/n_0_wb_exception_kind_i[27]_i_1                            |                1 |              2 |
|  System_i/mdm_1/U0/Ext_JTAG_UPDATE |                                                                                                                                                                                          |                                                                                                                            |                1 |              3 |
|  System_i/clk_wiz_1/U0/clk_out1    | System_i/axi_uartlite_0/U0/UARTLITE_CORE_I/BAUD_RATE_I/en_16x_Baud                                                                                                                       |                                                                                                                            |                4 |              4 |
|  System_i/clk_wiz_1/U0/clk_out1    |                                                                                                                                                                                          | System_i/btns_5bit/U0/AXI_LITE_IPIF_I/I_SLAVE_ATTACHMENT/p_2_out                                                           |                1 |              4 |
|  System_i/clk_wiz_1/U0/clk_out1    |                                                                                                                                                                                          | System_i/sw_8bit/U0/AXI_LITE_IPIF_I/I_SLAVE_ATTACHMENT/p_2_out                                                             |                1 |              4 |
|  System_i/mdm_1/U0/Ext_JTAG_DRCK   | System_i/mdm_1/U0/MDM_Core_I1/TDI_Shifter0                                                                                                                                               | System_i/mdm_1/U0/MDM_Core_I1/n_0_PORT_Selector[3]_i_1                                                                     |                1 |              4 |
|  System_i/mdm_1/U0/Ext_JTAG_UPDATE | System_i/microblaze_0/U0/MicroBlaze_Core_I/Performance.Use_Debug_Logic.Master_Core.Debug_Perf/Control_Reg_En                                                                             |                                                                                                                            |                3 |              4 |
|  System_i/mdm_1/U0/Ext_JTAG_UPDATE | System_i/mdm_1/U0/MDM_Core_I1/MDM_SEL                                                                                                                                                    | System_i/mdm_1/U0/MDM_Core_I1/n_0_PORT_Selector[3]_i_1                                                                     |                1 |              4 |
|  System_i/clk_wiz_1/U0/clk_out1    |                                                                                                                                                                                          | System_i/rst_clk_wiz_1_100M/U0/bus_struct_reset[0]                                                                         |                2 |              4 |
|  System_i/clk_wiz_1/U0/clk_out1    | System_i/axi_uartlite_0/U0/AXI_LITE_IPIF_I/I_SLAVE_ATTACHMENT/I_DECODER/start                                                                                                            | System_i/axi_uartlite_0/U0/AXI_LITE_IPIF_I/I_SLAVE_ATTACHMENT/I_DECODER/cs_ce_clr                                          |                1 |              4 |
|  System_i/clk_wiz_1/U0/clk_out1    | System_i/microblaze_0/U0/MicroBlaze_Core_I/Performance.Decode_I/WB_Halted                                                                                                                | System_i/microblaze_0/U0/MicroBlaze_Core_I/sync_reset                                                                      |                3 |              4 |
|  System_i/clk_wiz_1/U0/clk_out1    | System_i/microblaze_0/U0/MicroBlaze_Core_I/Performance.Decode_I/PreFetch_Buffer_I1/E[0]                                                                                                  |                                                                                                                            |                2 |              4 |
| ~System_i/mdm_1/U0/Ext_JTAG_UPDATE |                                                                                                                                                                                          | System_i/mdm_1/U0/MDM_Core_I1/n_0_PORT_Selector[3]_i_1                                                                     |                1 |              4 |
|  System_i/clk_wiz_1/U0/clk_out1    |                                                                                                                                                                                          | System_i/axi_uartlite_0/U0/UARTLITE_CORE_I/UARTLITE_TX_I/SRL_FIFO_I/I_SRL_FIFO_RBU_F/CNTR_INCR_DECR_ADDN_F_I/TX_FIFO_Reset |                2 |              5 |
|  System_i/clk_wiz_1/U0/clk_out1    | System_i/btns_5bit/U0/AXI_LITE_IPIF_I/I_SLAVE_ATTACHMENT/I_DECODER/E[0]                                                                                                                  | System_i/btns_5bit/U0/bus2ip_reset                                                                                         |                2 |              5 |
|  System_i/clk_wiz_1/U0/clk_out1    |                                                                                                                                                                                          | System_i/axi_uartlite_0/U0/UARTLITE_CORE_I/UARTLITE_RX_I/SRL_FIFO_I/I_SRL_FIFO_RBU_F/CNTR_INCR_DECR_ADDN_F_I/RX_FIFO_Reset |                2 |              5 |
|  System_i/clk_wiz_1/U0/clk_out1    |                                                                                                                                                                                          | System_i/btns_5bit/U0/gpio_core_1/Read_Reg_Rst                                                                             |                2 |              5 |
|  System_i/clk_wiz_1/U0/clk_out1    |                                                                                                                                                                                          | System_i/rst_clk_wiz_1_100M/U0/EXT_LPF/lpf_int                                                                             |                3 |              5 |
|  System_i/clk_wiz_1/U0/clk_out1    | System_i/btns_5bit/U0/AXI_LITE_IPIF_I/I_SLAVE_ATTACHMENT/n_0_s_axi_rdata_i[4]_i_1                                                                                                        | System_i/btns_5bit/U0/bus2ip_reset                                                                                         |                2 |              5 |
|  System_i/clk_wiz_1/U0/clk_out1    | System_i/rst_clk_wiz_1_100M/U0/SEQ/seq_cnt_en                                                                                                                                            | System_i/rst_clk_wiz_1_100M/U0/SEQ/SEQ_COUNTER/clear                                                                       |                1 |              6 |
|  System_i/clk_wiz_1/U0/clk_out1    | System_i/microblaze_0/U0/MicroBlaze_Core_I/Performance.Decode_I/Use_MuxCy[10].OF_Piperun_Stage/O1                                                                                        | System_i/microblaze_0/U0/MicroBlaze_Core_I/Performance.Decode_I/PreFetch_Buffer_I1/use_Reg_Neg_DI                          |                2 |              6 |
|  System_i/mdm_1/U0/Ext_JTAG_DRCK   | System_i/mdm_1/U0/MDM_Core_I1/JTAG_CONTROL_I/n_0_count[0]__0_i_2                                                                                                                         | System_i/mdm_1/U0/MDM_Core_I1/JTAG_CONTROL_I/n_0_count[0]__0_i_1                                                           |                2 |              6 |
|  System_i/clk_wiz_1/U0/clk_out1    | System_i/axi_uartlite_0/U0/AXI_LITE_IPIF_I/I_SLAVE_ATTACHMENT/I_DECODER/fifo_wr                                                                                                          |                                                                                                                            |                1 |              8 |
|  System_i/clk_wiz_1/U0/clk_out1    | System_i/axi_uartlite_0/U0/AXI_LITE_IPIF_I/I_SLAVE_ATTACHMENT/n_0_s_axi_rdata_i[7]_i_1                                                                                                   | System_i/axi_uartlite_0/U0/AXI_LITE_IPIF_I/I_SLAVE_ATTACHMENT/rst                                                          |                2 |              8 |
|  System_i/mdm_1/U0/Ext_JTAG_DRCK   | System_i/mdm_1/U0/MDM_Core_I1/JTAG_CONTROL_I/tdi_shifter0                                                                                                                                |                                                                                                                            |                3 |              8 |
|  System_i/clk_wiz_1/U0/clk_out1    | System_i/sw_8bit/U0/AXI_LITE_IPIF_I/I_SLAVE_ATTACHMENT/n_0_s_axi_rdata_i[7]_i_1                                                                                                          | System_i/sw_8bit/U0/bus2ip_reset                                                                                           |                2 |              8 |
|  System_i/clk_wiz_1/U0/clk_out1    |                                                                                                                                                                                          | System_i/sw_8bit/U0/gpio_core_1/Read_Reg_Rst                                                                               |                2 |              8 |
|  System_i/mdm_1/U0/Ext_JTAG_UPDATE | System_i/mdm_1/U0/MDM_Core_I1/JTAG_CONTROL_I/n_0_command_1[0]_i_1                                                                                                                        |                                                                                                                            |                2 |              8 |
|  System_i/mdm_1/U0/Ext_JTAG_DRCK   | System_i/microblaze_0/U0/MicroBlaze_Core_I/Performance.Use_Debug_Logic.Master_Core.Debug_Perf/Using_PC_Breakpoints.All_PC_Brks[0].address_hit_I/Using_FPGA.Compare[0].SRLC16E_I/SRL16_En |                                                                                                                            |                7 |              8 |
|  System_i/clk_wiz_1/U0/clk_out1    | System_i/sw_8bit/U0/AXI_LITE_IPIF_I/I_SLAVE_ATTACHMENT/I_DECODER/E[0]                                                                                                                    | System_i/sw_8bit/U0/bus2ip_reset                                                                                           |                2 |              8 |
|  System_i/clk_wiz_1/U0/clk_out1    | System_i/axi_uartlite_0/U0/UARTLITE_CORE_I/UARTLITE_RX_I/SRL_FIFO_I/I_SRL_FIFO_RBU_F/DYNSHREG_F_I/fifo_wr                                                                                |                                                                                                                            |                1 |              8 |
|  System_i/clk_wiz_1/U0/clk_out1    | System_i/microblaze_0_axi_periph/xbar/inst/gen_sasd.crossbar_sasd_0/addr_arbiter_inst/s_axi_rvalid[0]                                                                                    | System_i/microblaze_0/U0/MicroBlaze_Core_I/sync_reset                                                                      |                2 |              8 |
| ~System_i/mdm_1/U0/Ext_JTAG_UPDATE | System_i/mdm_1/U0/MDM_Core_I1/JTAG_CONTROL_I/n_0_command[0]_i_1                                                                                                                          |                                                                                                                            |                1 |              8 |
|  System_i/clk_wiz_1/U0/clk_out1    | System_i/microblaze_0_axi_periph/xbar/inst/gen_sasd.crossbar_sasd_0/addr_arbiter_inst/E[0]                                                                                               |                                                                                                                            |                3 |              9 |
|  System_i/clk_wiz_1/U0/clk_out1    | System_i/microblaze_0_axi_periph/xbar/inst/gen_sasd.crossbar_sasd_0/reg_slice_r/aa_rready                                                                                                |                                                                                                                            |                3 |              9 |
|  System_i/clk_wiz_1/U0/clk_out1    | System_i/axi_uartlite_0/U0/UARTLITE_CORE_I/BAUD_RATE_I/en_16x_Baud                                                                                                                       | System_i/axi_uartlite_0/U0/UARTLITE_CORE_I/UARTLITE_RX_I/O2                                                                |                4 |             10 |
|  System_i/clk_wiz_1/U0/clk_out1    |                                                                                                                                                                                          | System_i/btns_5bit/U0/bus2ip_reset                                                                                         |                3 |             11 |
|  System_i/clk_wiz_1/U0/clk_out1    |                                                                                                                                                                                          | System_i/microblaze_0_axi_periph/xbar/inst/gen_sasd.crossbar_sasd_0/addr_arbiter_inst/SR[0]                                |                6 |             13 |
|  System_i/clk_wiz_1/U0/clk_out1    |                                                                                                                                                                                          | System_i/sw_8bit/U0/bus2ip_reset                                                                                           |                2 |             14 |
|  System_i/clk_wiz_1/U0/clk_out1    | System_i/microblaze_0/U0/MicroBlaze_Core_I/Performance.Decode_I/PreFetch_Buffer_I1/O37[0]                                                                                                | System_i/microblaze_0/U0/MicroBlaze_Core_I/sync_reset                                                                      |                7 |             16 |
|  System_i/clk_wiz_1/U0/clk_out1    | System_i/microblaze_0/U0/MicroBlaze_Core_I/Performance.Decode_I/Use_MuxCy[10].OF_Piperun_Stage/lopt_7                                                                                    | System_i/microblaze_0/U0/MicroBlaze_Core_I/sync_reset                                                                      |                8 |             17 |
|  System_i/clk_wiz_1/U0/clk_out1    | System_i/microblaze_0_axi_periph/xbar/inst/gen_sasd.crossbar_sasd_0/addr_arbiter_inst/p_0_in1_in                                                                                         | System_i/microblaze_0_axi_periph/xbar/inst/gen_sasd.crossbar_sasd_0/addr_arbiter_inst/SR[0]                                |                3 |             19 |
|  System_i/clk_wiz_1/U0/clk_out1    |                                                                                                                                                                                          | System_i/axi_uartlite_0/U0/UARTLITE_CORE_I/UARTLITE_RX_I/O2                                                                |                8 |             25 |
|  System_i/clk_wiz_1/U0/clk_out1    | System_i/microblaze_0/U0/MicroBlaze_Core_I/Performance.Decode_I/Use_MuxCy[10].OF_Piperun_Stage/lopt_7                                                                                    | System_i/microblaze_0/U0/MicroBlaze_Core_I/Performance.Decode_I/SR[0]                                                      |                6 |             32 |
|  System_i/clk_wiz_1/U0/clk_out1    | System_i/microblaze_0/U0/MicroBlaze_Core_I/Performance.Decode_I/PreFetch_Buffer_I1/O81[0]                                                                                                | System_i/microblaze_0/U0/MicroBlaze_Core_I/sync_reset                                                                      |                7 |             32 |
|  System_i/mdm_1/U0/Ext_JTAG_DRCK   | System_i/microblaze_0/U0/MicroBlaze_Core_I/Performance.Use_Debug_Logic.Master_Core.Debug_Perf/New_Dbg_Instr_TCK                                                                          |                                                                                                                            |                9 |             32 |
|  System_i/clk_wiz_1/U0/clk_out1    | System_i/microblaze_0/U0/MicroBlaze_Core_I/Performance.Decode_I/Use_MuxCy[10].OF_Piperun_Stage/lopt_7                                                                                    |                                                                                                                            |                6 |             32 |
|  System_i/clk_wiz_1/U0/clk_out1    | System_i/microblaze_0/U0/MicroBlaze_Core_I/Performance.Decode_I/Use_MuxCy[10].OF_Piperun_Stage/lopt_16                                                                                   | System_i/microblaze_0/U0/MicroBlaze_Core_I/Performance.Decode_I/R                                                          |               15 |             32 |
|  System_i/clk_wiz_1/U0/clk_out1    |                                                                                                                                                                                          | System_i/microblaze_0/U0/MicroBlaze_Core_I/p_1_out                                                                         |               11 |             32 |
|  System_i/clk_wiz_1/U0/clk_out1    | System_i/microblaze_0/U0/MicroBlaze_Core_I/Performance.Decode_I/PreFetch_Buffer_I1/I45[0]                                                                                                | System_i/microblaze_0/U0/MicroBlaze_Core_I/sync_reset                                                                      |               11 |             32 |
|  System_i/mdm_1/U0/Ext_JTAG_DRCK   |                                                                                                                                                                                          | System_i/mdm_1/U0/MDM_Core_I1/JTAG_CONTROL_I/AS[0]                                                                         |                5 |             36 |
|  System_i/clk_wiz_1/U0/clk_out1    | System_i/microblaze_0/U0/MicroBlaze_Core_I/Performance.Decode_I/Use_MuxCy[10].OF_Piperun_Stage/lopt_16                                                                                   | System_i/microblaze_0/U0/MicroBlaze_Core_I/sync_reset                                                                      |               24 |             59 |
|  System_i/mdm_1/U0/Ext_JTAG_DRCK   | System_i/mdm_1/U0/Dbg_Capture_0                                                                                                                                                          |                                                                                                                            |               18 |             61 |
|  System_i/clk_wiz_1/U0/clk_out1    | System_i/microblaze_0/U0/MicroBlaze_Core_I/Performance.Decode_I/PreFetch_Buffer_I1/IReady_3                                                                                              |                                                                                                                            |               10 |             75 |
|  System_i/mdm_1/U0/Ext_JTAG_DRCK   |                                                                                                                                                                                          |                                                                                                                            |               35 |            102 |
|  System_i/clk_wiz_1/U0/clk_out1    | System_i/microblaze_0/U0/MicroBlaze_Core_I/Performance.Decode_I/D[46]                                                                                                                    |                                                                                                                            |               16 |            128 |
|  System_i/clk_wiz_1/U0/clk_out1    |                                                                                                                                                                                          | System_i/microblaze_0/U0/MicroBlaze_Core_I/sync_reset                                                                      |               76 |            138 |
|  System_i/clk_wiz_1/U0/clk_out1    | System_i/microblaze_0/U0/MicroBlaze_Core_I/Performance.Decode_I/Use_MuxCy[10].OF_Piperun_Stage/O1                                                                                        | System_i/microblaze_0/U0/MicroBlaze_Core_I/sync_reset                                                                      |               64 |            200 |
|  System_i/clk_wiz_1/U0/clk_out1    |                                                                                                                                                                                          |                                                                                                                            |               91 |            249 |
+------------------------------------+------------------------------------------------------------------------------------------------------------------------------------------------------------------------------------------+----------------------------------------------------------------------------------------------------------------------------+------------------+----------------+


